aelohim@aelohim-VirtualBox:~$ sudo apt-get update
[sudo] contraseña para aelohim: 
Obj:1 https://download.docker.com/linux/ubuntu focal InRelease
Obj:2 http://ar.archive.ubuntu.com/ubuntu focal InRelease                     
Des:3 http://security.ubuntu.com/ubuntu focal-security InRelease [114 kB]     
Des:4 http://ar.archive.ubuntu.com/ubuntu focal-updates InRelease [114 kB]
Des:5 http://security.ubuntu.com/ubuntu focal-security/main amd64 Packages [1.488 kB]
Des:6 http://ar.archive.ubuntu.com/ubuntu focal-backports InRelease [108 kB]
Des:7 http://ar.archive.ubuntu.com/ubuntu focal-updates/main i386 Packages [660 kB]
25% [7 Packages 128 kB/660 kB 19%] [5 Des:8 http://ar.archive.ubuntu.com/ubuntu focal-updates/main amd64 Packages [1.833 kB]
Des:9 http://security.ubuntu.com/ubuntu focal-security/main i386 Packages [440 kB]
Des:10 http://security.ubuntu.com/ubuntu focal-security/main Translation-en [255 kB]
Des:11 http://security.ubuntu.com/ubuntu focal-security/main amd64 DEP-11 Metadata [40,7 kB]
Des:12 http://security.ubuntu.com/ubuntu focal-security/main amd64 c-n-f Metadata [10,4 kB]
Des:13 http://security.ubuntu.com/ubuntu focal-security/restricted amd64 Packages [945 kB]
Des:14 http://security.ubuntu.com/ubuntu focal-security/restricted Translation-en [134 kB]
Des:15 http://security.ubuntu.com/ubuntu focal-security/universe i386 Packages [552 kB]
Des:16 http://security.ubuntu.com/ubuntu focal-security/universe amd64 Packages [705 kB]
Des:17 http://ar.archive.ubuntu.com/ubuntu focal-updates/main Translation-en [337 kB]
Des:18 http://security.ubuntu.com/ubuntu focal-security/universe Translation-en [126 kB]
Des:19 http://security.ubuntu.com/ubuntu focal-security/universe amd64 DEP-11 Metadata [66,6 kB]
Des:20 http://security.ubuntu.com/ubuntu focal-security/universe amd64 c-n-f Metadata [14,5 kB]
Des:21 http://security.ubuntu.com/ubuntu focal-security/multiverse amd64 DEP-11 Metadata [2.464 B]
Des:22 http://ar.archive.ubuntu.com/ubuntu focal-updates/main amd64 DEP-11 Metadata [278 kB]
Des:23 http://ar.archive.ubuntu.com/ubuntu focal-updates/main amd64 c-n-f Metadata [15,4 kB]
Des:24 http://ar.archive.ubuntu.com/ubuntu focal-updates/restricted amd64 Packages [1.010 kB]
Des:25 http://ar.archive.ubuntu.com/ubuntu focal-updates/restricted Translation-en [144 kB]
Des:26 http://ar.archive.ubuntu.com/ubuntu focal-updates/universe i386 Packages [680 kB]
Des:27 http://ar.archive.ubuntu.com/ubuntu focal-updates/universe amd64 Packages [926 kB]
Des:28 http://ar.archive.ubuntu.com/ubuntu focal-updates/universe Translation-en [208 kB]
Des:29 http://ar.archive.ubuntu.com/ubuntu focal-updates/universe amd64 DEP-11 Metadata [391 kB]
Des:30 http://ar.archive.ubuntu.com/ubuntu focal-updates/universe amd64 c-n-f Metadata [20,7 kB]
Des:31 http://ar.archive.ubuntu.com/ubuntu focal-updates/multiverse amd64 DEP-11 Metadata [944 B]
Des:32 http://ar.archive.ubuntu.com/ubuntu focal-backports/main amd64 DEP-11 Metadata [8.020 B]
Des:33 http://ar.archive.ubuntu.com/ubuntu focal-backports/universe amd64 DEP-11 Metadata [30,9 kB]
Descargados 11,7 MB en 33s (351 kB/s)                                         
Leyendo lista de paquetes... Hecho
aelohim@aelohim-VirtualBox:~$ sudo systemctl docker status
Unknown operation docker.
aelohim@aelohim-VirtualBox:~$ systemctl docker status
Unknown operation docker.
aelohim@aelohim-VirtualBox:~$ docker -h
Flag shorthand -h has been deprecated, please use --help

Usage:  docker [OPTIONS] COMMAND

A self-sufficient runtime for containers

Options:
      --config string      Location of client config files (default
                           "/home/aelohim/.docker")
  -c, --context string     Name of the context to use to connect to the
                           daemon (overrides DOCKER_HOST env var and
                           default context set with "docker context use")
  -D, --debug              Enable debug mode
  -H, --host list          Daemon socket(s) to connect to
  -l, --log-level string   Set the logging level
                           ("debug"|"info"|"warn"|"error"|"fatal")
                           (default "info")
      --tls                Use TLS; implied by --tlsverify
      --tlscacert string   Trust certs signed only by this CA (default
                           "/home/aelohim/.docker/ca.pem")
      --tlscert string     Path to TLS certificate file (default
                           "/home/aelohim/.docker/cert.pem")
      --tlskey string      Path to TLS key file (default
                           "/home/aelohim/.docker/key.pem")
      --tlsverify          Use TLS and verify the remote
  -v, --version            Print version information and quit

Management Commands:
  app*        Docker App (Docker Inc., v0.9.1-beta3)
  builder     Manage builds
  buildx*     Docker Buildx (Docker Inc., v0.8.2-docker)
  config      Manage Docker configs
  container   Manage containers
  context     Manage contexts
  image       Manage images
  manifest    Manage Docker image manifests and manifest lists
  network     Manage networks
  node        Manage Swarm nodes
  plugin      Manage plugins
  scan*       Docker Scan (Docker Inc., v0.17.0)
  secret      Manage Docker secrets
  service     Manage services
  stack       Manage Docker stacks
  swarm       Manage Swarm
  system      Manage Docker
  trust       Manage trust on Docker images
  volume      Manage volumes

Commands:
  attach      Attach local standard input, output, and error streams to a running container
  build       Build an image from a Dockerfile
  commit      Create a new image from a container's changes
  cp          Copy files/folders between a container and the local filesystem
  create      Create a new container
  diff        Inspect changes to files or directories on a container's filesystem
  events      Get real time events from the server
  exec        Run a command in a running container
  export      Export a container's filesystem as a tar archive
  history     Show the history of an image
  images      List images
  import      Import the contents from a tarball to create a filesystem image
  info        Display system-wide information
  inspect     Return low-level information on Docker objects
  kill        Kill one or more running containers
  load        Load an image from a tar archive or STDIN
  login       Log in to a Docker registry
  logout      Log out from a Docker registry
  logs        Fetch the logs of a container
  pause       Pause all processes within one or more containers
  port        List port mappings or a specific mapping for the container
  ps          List containers
  pull        Pull an image or a repository from a registry
  push        Push an image or a repository to a registry
  rename      Rename a container
  restart     Restart one or more containers
  rm          Remove one or more containers
  rmi         Remove one or more images
  run         Run a command in a new container
  save        Save one or more images to a tar archive (streamed to STDOUT by default)
  search      Search the Docker Hub for images
  start       Start one or more stopped containers
  stats       Display a live stream of container(s) resource usage statistics
  stop        Stop one or more running containers
  tag         Create a tag TARGET_IMAGE that refers to SOURCE_IMAGE
  top         Display the running processes of a container
  unpause     Unpause all processes within one or more containers
  update      Update configuration of one or more containers
  version     Show the Docker version information
  wait        Block until one or more containers stop, then print their exit codes

Run 'docker COMMAND --help' for more information on a command.

To get more help with docker, check out our guides at https://docs.docker.com/go/guides/
aelohim@aelohim-VirtualBox:~$ ps -ef | grep docker
root         832       1  0 16:48 ?        00:00:00 /usr/bin/dockerd -H fd:// --containerd=/run/containerd/containerd.sock
aelohim     2264    1631  0 16:52 pts/0    00:00:00 grep --color=auto docker
aelohim@aelohim-VirtualBox:~$ docker stats

CONTAINER ID   NAME      CPU %     MEM USAGE / LIMIT   MEM %     NET I/O   BLOCK I/O   PIDS



























CONTAINER ID   NAME      CPU %     MEM USAGE / LIMIT   MEM %     NET I/O   BLOCK I/O   PIDS



























CONTAINER ID   NAME      CPU %     MEM USAGE / LIMIT   MEM %     NET I/O   BLOCK I/O   PIDS



























CONTAINER ID   NAME      CPU %     MEM USAGE / LIMIT   MEM %     NET I/O   BLOCK I/O   PIDS



























CONTAINER ID   NAME      CPU %     MEM USAGE / LIMIT   MEM %     NET I/O   BLOCK I/O   PIDS



























CONTAINER ID   NAME      CPU %     MEM USAGE / LIMIT   MEM %     NET I/O   BLOCK I/O   PIDS
^C
aelohim@aelohim-VirtualBox:~$ docker run
"docker run" requires at least 1 argument.
See 'docker run --help'.

Usage:  docker run [OPTIONS] IMAGE [COMMAND] [ARG...]

Run a command in a new container
aelohim@aelohim-VirtualBox:~$ sudo systemctl status docker
● docker.service - Docker Application Container Engine
     Loaded: loaded (/lib/systemd/system/docker.service; enabled; vendor prese>
     Active: active (running) since Tue 2022-05-31 16:48:36 -03; 5min ago
TriggeredBy: ● docker.socket
       Docs: https://docs.docker.com
   Main PID: 832 (dockerd)
      Tasks: 8
     Memory: 109.8M
     CGroup: /system.slice/docker.service
             └─832 /usr/bin/dockerd -H fd:// --containerd=/run/containerd/cont>

may 31 16:48:36 aelohim-VirtualBox dockerd[832]: time="2022-05-31T16:48:36.038>
may 31 16:48:36 aelohim-VirtualBox dockerd[832]: time="2022-05-31T16:48:36.038>
may 31 16:48:36 aelohim-VirtualBox dockerd[832]: time="2022-05-31T16:48:36.039>
may 31 16:48:36 aelohim-VirtualBox dockerd[832]: time="2022-05-31T16:48:36.039>
may 31 16:48:36 aelohim-VirtualBox dockerd[832]: time="2022-05-31T16:48:36.694>
may 31 16:48:36 aelohim-VirtualBox dockerd[832]: time="2022-05-31T16:48:36.767>
may 31 16:48:36 aelohim-VirtualBox dockerd[832]: time="2022-05-31T16:48:36.875>
may 31 16:48:36 aelohim-VirtualBox dockerd[832]: time="2022-05-31T16:48:36.875>
may 31 16:48:36 aelohim-VirtualBox systemd[1]: Started Docker Application Cont>
may 31 16:48:36 aelohim-VirtualBox dockerd[832]: time="2022-05-31T16:48:36.924>

aelohim@aelohim-VirtualBox:~$ ls
Descargas   Escritorio  minikube-linux-amd64  Plantillas  Vídeos
Documentos  Imágenes    Música                Público
aelohim@aelohim-VirtualBox:~$ pwd
/home/aelohim
aelohim@aelohim-VirtualBox:~$ mkdir TP_AySO
aelohim@aelohim-VirtualBox:~$ ls
Descargas   Escritorio  minikube-linux-amd64  Plantillas  TP_AySO
Documentos  Imágenes    Música                Público     Vídeos
aelohim@aelohim-VirtualBox:~$ cd TP_AySO/
aelohim@aelohim-VirtualBox:~/TP_AySO$ nano index.html
aelohim@aelohim-VirtualBox:~/TP_AySO$ nano Dockerfile
aelohim@aelohim-VirtualBox:~/TP_AySO$ nano Dockerfile 
aelohim@aelohim-VirtualBox:~/TP_AySO$ nano Dockerfile 
aelohim@aelohim-VirtualBox:~/TP_AySO$ docker tag local-image:v1 new-repo:v1
Error response from daemon: No such image: local-image:v1
aelohim@aelohim-VirtualBox:~/TP_AySO$ docker pull -a <org/image>
bash: error sintáctico cerca del elemento inesperado `newline'
aelohim@aelohim-VirtualBox:~/TP_AySO$ ls
Dockerfile  index.html
aelohim@aelohim-VirtualBox:~/TP_AySO$ docker push aelohim/v1:v1
The push refers to repository [docker.io/aelohim/v1]
An image does not exist locally with the tag: aelohim/v1
aelohim@aelohim-VirtualBox:~/TP_AySO$ ls
Dockerfile  index.html
aelohim@aelohim-VirtualBox:~/TP_AySO$ docker build -t v1 .
Sending build context to Docker daemon  3.072kB
Step 1/2 : FROM alpine:3.14
3.14: Pulling from library/alpine
8663204ce13b: Pull complete 
Digest: sha256:06b5d462c92fc39303e6363c65e074559f8d6b1363250027ed5053557e3398c5
Status: Downloaded newer image for alpine:3.14
 ---> e04c818066af
Step 2/2 : COPY /home/aelohim/TP_AySO/index.html /usr/share/nginx/html
COPY failed: file not found in build context or excluded by .dockerignore: stat home/aelohim/TP_AySO/index.html: file does not exist
aelohim@aelohim-VirtualBox:~/TP_AySO$ ls
Dockerfile  index.html
aelohim@aelohim-VirtualBox:~/TP_AySO$ nano ".dockerignore"
aelohim@aelohim-VirtualBox:~/TP_AySO$ ls
Dockerfile  index.html
aelohim@aelohim-VirtualBox:~/TP_AySO$ nano ".dockerignore"
aelohim@aelohim-VirtualBox:~/TP_AySO$ ls
Dockerfile  index.html
aelohim@aelohim-VirtualBox:~/TP_AySO$ nano ".dockerignore"
aelohim@aelohim-VirtualBox:~/TP_AySO$ nano Dockerfile
aelohim@aelohim-VirtualBox:~/TP_AySO$ docker build -t v1 .
Sending build context to Docker daemon  4.096kB
Step 1/2 : FROM alpine:3.14
 ---> e04c818066af
Step 2/2 : COPY index.html /usr/share/nginx/html
 ---> 97ddf94b924c
Successfully built 97ddf94b924c
Successfully tagged v1:latest
aelohim@aelohim-VirtualBox:~/TP_AySO$ docker push aelohim/v1:v1
The push refers to repository [docker.io/aelohim/v1]
An image does not exist locally with the tag: aelohim/v1
aelohim@aelohim-VirtualBox:~/TP_AySO$ docker push v1:v1
The push refers to repository [docker.io/library/v1]
tag does not exist: v1:v1
aelohim@aelohim-VirtualBox:~/TP_AySO$ docker tag v1:latest v1
aelohim@aelohim-VirtualBox:~/TP_AySO$ docker push v1:v1
The push refers to repository [docker.io/library/v1]
tag does not exist: v1:v1
aelohim@aelohim-VirtualBox:~/TP_AySO$ docker push aelohim/v1:v1
The push refers to repository [docker.io/aelohim/v1]
An image does not exist locally with the tag: aelohim/v1
aelohim@aelohim-VirtualBox:~/TP_AySO$ docker push aelohim/v1:v1:latest
invalid reference format
aelohim@aelohim-VirtualBox:~/TP_AySO$ docker push aelohim/v1:latest
The push refers to repository [docker.io/aelohim/v1]
An image does not exist locally with the tag: aelohim/v1
aelohim@aelohim-VirtualBox:~/TP_AySO$ docker image ls
REPOSITORY                    TAG       IMAGE ID       CREATED         SIZE
v1                            latest    97ddf94b924c   4 minutes ago   5.59MB
alpine                        3.14      e04c818066af   8 weeks ago     5.59MB
gcr.io/k8s-minikube/kicbase   v0.0.30   1312ccd2422d   3 months ago    1.14GB
aelohim@aelohim-VirtualBox:~/TP_AySO$ docker push aelohim/v1:v1
The push refers to repository [docker.io/aelohim/v1]
An image does not exist locally with the tag: aelohim/v1
aelohim@aelohim-VirtualBox:~/TP_AySO$ docker tag v1 aelohim/v1
aelohim@aelohim-VirtualBox:~/TP_AySO$ docker image ls
REPOSITORY                    TAG       IMAGE ID       CREATED         SIZE
aelohim/v1                    latest    97ddf94b924c   5 minutes ago   5.59MB
v1                            latest    97ddf94b924c   5 minutes ago   5.59MB
alpine                        3.14      e04c818066af   8 weeks ago     5.59MB
gcr.io/k8s-minikube/kicbase   v0.0.30   1312ccd2422d   3 months ago    1.14GB
aelohim@aelohim-VirtualBox:~/TP_AySO$ docker push aelohim/v1:v1
The push refers to repository [docker.io/aelohim/v1]
tag does not exist: aelohim/v1:v1
aelohim@aelohim-VirtualBox:~/TP_AySO$ docker push v1
Using default tag: latest
The push refers to repository [docker.io/library/v1]
ded3613de2cb: Preparing 
b541d28bf3b4: Preparing 
denied: requested access to the resource is denied
aelohim@aelohim-VirtualBox:~/TP_AySO$ docker push aelohim/v1:v1
The push refers to repository [docker.io/aelohim/v1]
tag does not exist: aelohim/v1:v1
aelohim@aelohim-VirtualBox:~/TP_AySO$ docker tag 97ddf94b924c v1
aelohim@aelohim-VirtualBox:~/TP_AySO$ docker image ls
REPOSITORY                    TAG       IMAGE ID       CREATED          SIZE
aelohim/v1                    latest    97ddf94b924c   12 minutes ago   5.59MB
v1                            latest    97ddf94b924c   12 minutes ago   5.59MB
alpine                        3.14      e04c818066af   8 weeks ago      5.59MB
gcr.io/k8s-minikube/kicbase   v0.0.30   1312ccd2422d   3 months ago     1.14GB
aelohim@aelohim-VirtualBox:~/TP_AySO$ docker push aelohim/v1:latest
The push refers to repository [docker.io/aelohim/v1]
ded3613de2cb: Preparing 
b541d28bf3b4: Preparing 
denied: requested access to the resource is denied
aelohim@aelohim-VirtualBox:~/TP_AySO$ ^C
aelohim@aelohim-VirtualBox:~/TP_AySO$ ^C
aelohim@aelohim-VirtualBox:~/TP_AySO$ docker login
Login with your Docker ID to push and pull images from Docker Hub. If you don't have a Docker ID, head over to https://hub.docker.com to create one.
Username: aelohim
Password: 
WARNING! Your password will be stored unencrypted in /home/aelohim/.docker/config.json.
Configure a credential helper to remove this warning. See
https://docs.docker.com/engine/reference/commandline/login/#credentials-store

Login Succeeded
aelohim@aelohim-VirtualBox:~/TP_AySO$ docker push aelohim/v1:latest
The push refers to repository [docker.io/aelohim/v1]
ded3613de2cb: Pushed 
b541d28bf3b4: Mounted from library/alpine 
latest: digest: sha256:31c4e821731dd6f3f2eec7200a5e9266d7263585cc1a7321ed50c934c1f78b00 size: 735
aelohim@aelohim-VirtualBox:~/TP_AySO$ ls
Dockerfile  index.html
aelohim@aelohim-VirtualBox:~/TP_AySO$ nano build.sh
aelohim@aelohim-VirtualBox:~/TP_AySO$ nano .dockerignore
aelohim@aelohim-VirtualBox:~/TP_AySO$ build.sh v1
build.sh: no se encontró la orden
aelohim@aelohim-VirtualBox:~/TP_AySO$ ./build.sh v1
bash: ./build.sh: Permiso denegado
aelohim@aelohim-VirtualBox:~/TP_AySO$ chmod 755 build.sh
aelohim@aelohim-VirtualBox:~/TP_AySO$ ./build.sh v1
Sending build context to Docker daemon  4.096kB
Step 1/2 : FROM alpine:3.14
 ---> e04c818066af
Step 2/2 : COPY index.html /usr/share/nginx/html
 ---> Using cache
 ---> 97ddf94b924c
Successfully built 97ddf94b924c
Successfully tagged project:v1
aelohim@aelohim-VirtualBox:~/TP_AySO$ docker image ls
REPOSITORY                    TAG       IMAGE ID       CREATED          SIZE
aelohim/v1                    latest    97ddf94b924c   19 minutes ago   5.59MB
project                       v1        97ddf94b924c   19 minutes ago   5.59MB
v1                            latest    97ddf94b924c   19 minutes ago   5.59MB
alpine                        3.14      e04c818066af   8 weeks ago      5.59MB
gcr.io/k8s-minikube/kicbase   v0.0.30   1312ccd2422d   3 months ago     1.14GB
aelohim@aelohim-VirtualBox:~/TP_AySO$ docker push aelohim/v1:v1
The push refers to repository [docker.io/aelohim/v1]
tag does not exist: aelohim/v1:v1
aelohim@aelohim-VirtualBox:~/TP_AySO$ docker push aelohim/v1:project
The push refers to repository [docker.io/aelohim/v1]
tag does not exist: aelohim/v1:project
aelohim@aelohim-VirtualBox:~/TP_AySO$ docker push aelohim/v1:v1
The push refers to repository [docker.io/aelohim/v1]
tag does not exist: aelohim/v1:v1
aelohim@aelohim-VirtualBox:~/TP_AySO$ docker push aelohim/v1:v1 
The push refers to repository [docker.io/aelohim/v1]
tag does not exist: aelohim/v1:v1
aelohim@aelohim-VirtualBox:~/TP_AySO$ docker image ls 
REPOSITORY                    TAG       IMAGE ID       CREATED          SIZE
aelohim/v1                    latest    97ddf94b924c   21 minutes ago   5.59MB
project                       v1        97ddf94b924c   21 minutes ago   5.59MB
v1                            latest    97ddf94b924c   21 minutes ago   5.59MB
alpine                        3.14      e04c818066af   8 weeks ago      5.59MB
gcr.io/k8s-minikube/kicbase   v0.0.30   1312ccd2422d   3 months ago     1.14GB
aelohim@aelohim-VirtualBox:~/TP_AySO$ docker push aelohim/v1:v1 
The push refers to repository [docker.io/aelohim/v1]
tag does not exist: aelohim/v1:v1
aelohim@aelohim-VirtualBox:~/TP_AySO$ docker push aelohim/v1:latest
The push refers to repository [docker.io/aelohim/v1]
ded3613de2cb: Layer already exists 
b541d28bf3b4: Layer already exists 
latest: digest: sha256:31c4e821731dd6f3f2eec7200a5e9266d7263585cc1a7321ed50c934c1f78b00 size: 735
aelohim@aelohim-VirtualBox:~/TP_AySO$ docker image rm 97ddf94b924c
Error response from daemon: conflict: unable to delete 97ddf94b924c (must be forced) - image is referenced in multiple repositories
aelohim@aelohim-VirtualBox:~/TP_AySO$ docker image rm 97ddf94b924c
Error response from daemon: conflict: unable to delete 97ddf94b924c (must be forced) - image is referenced in multiple repositories
aelohim@aelohim-VirtualBox:~/TP_AySO$ docker image prune --filter "until=4h"
WARNING! This will remove all dangling images.
Are you sure you want to continue? [y/N] y
Total reclaimed space: 0B
aelohim@aelohim-VirtualBox:~/TP_AySO$ docker image ls
REPOSITORY                    TAG       IMAGE ID       CREATED          SIZE
aelohim/v1                    latest    97ddf94b924c   26 minutes ago   5.59MB
project                       v1        97ddf94b924c   26 minutes ago   5.59MB
v1                            latest    97ddf94b924c   26 minutes ago   5.59MB
alpine                        3.14      e04c818066af   8 weeks ago      5.59MB
gcr.io/k8s-minikube/kicbase   v0.0.30   1312ccd2422d   3 months ago     1.14GB
aelohim@aelohim-VirtualBox:~/TP_AySO$ docker image rm -f 97ddf94b924c
Untagged: aelohim/v1:latest
Untagged: aelohim/v1@sha256:31c4e821731dd6f3f2eec7200a5e9266d7263585cc1a7321ed50c934c1f78b00
Untagged: project:v1
Untagged: v1:latest
Deleted: sha256:97ddf94b924c2c5a68668ce2f919ff17c03e4c70c834321fa2d8556084590c70
Deleted: sha256:1e6b21695e6ff4cbe2ccc799d89482c4ca742914c43db4fafb7f6c45380ce0a9
aelohim@aelohim-VirtualBox:~/TP_AySO$ docker image ls
REPOSITORY                    TAG       IMAGE ID       CREATED        SIZE
alpine                        3.14      e04c818066af   8 weeks ago    5.59MB
gcr.io/k8s-minikube/kicbase   v0.0.30   1312ccd2422d   3 months ago   1.14GB
aelohim@aelohim-VirtualBox:~/TP_AySO$ ./build.sh v1
Sending build context to Docker daemon  4.096kB
Step 1/2 : FROM alpine:3.14
 ---> e04c818066af
Step 2/2 : COPY index.html /usr/share/nginx/html
 ---> 433c8200c11d
Successfully built 433c8200c11d
Successfully tagged project:v1
aelohim@aelohim-VirtualBox:~/TP_AySO$ docker image ls
REPOSITORY                    TAG       IMAGE ID       CREATED         SIZE
project                       v1        433c8200c11d   3 seconds ago   5.59MB
alpine                        3.14      e04c818066af   8 weeks ago     5.59MB
gcr.io/k8s-minikube/kicbase   v0.0.30   1312ccd2422d   3 months ago    1.14GB
aelohim@aelohim-VirtualBox:~/TP_AySO$ docker push aelohim/v1:v1
The push refers to repository [docker.io/aelohim/v1]
An image does not exist locally with the tag: aelohim/v1
aelohim@aelohim-VirtualBox:~/TP_AySO$ docker push aelohim/v1:433c8200c11d
The push refers to repository [docker.io/aelohim/v1]
An image does not exist locally with the tag: aelohim/v1
aelohim@aelohim-VirtualBox:~/TP_AySO$ docker build -t v1 .
Sending build context to Docker daemon  4.096kB
Step 1/2 : FROM alpine:3.14
 ---> e04c818066af
Step 2/2 : COPY index.html /usr/share/nginx/html
 ---> Using cache
 ---> 433c8200c11d
Successfully built 433c8200c11d
Successfully tagged v1:latest
aelohim@aelohim-VirtualBox:~/TP_AySO$ docker image ls
REPOSITORY                    TAG       IMAGE ID       CREATED         SIZE
project                       v1        433c8200c11d   6 minutes ago   5.59MB
v1                            latest    433c8200c11d   6 minutes ago   5.59MB
alpine                        3.14      e04c818066af   8 weeks ago     5.59MB
gcr.io/k8s-minikube/kicbase   v0.0.30   1312ccd2422d   3 months ago    1.14GB
aelohim@aelohim-VirtualBox:~/TP_AySO$ docker tag v1:latest v1:v1
aelohim@aelohim-VirtualBox:~/TP_AySO$ docker image ls
REPOSITORY                    TAG       IMAGE ID       CREATED         SIZE
project                       v1        433c8200c11d   6 minutes ago   5.59MB
v1                            latest    433c8200c11d   6 minutes ago   5.59MB
v1                            v1        433c8200c11d   6 minutes ago   5.59MB
alpine                        3.14      e04c818066af   8 weeks ago     5.59MB
gcr.io/k8s-minikube/kicbase   v0.0.30   1312ccd2422d   3 months ago    1.14GB
aelohim@aelohim-VirtualBox:~/TP_AySO$ docker push aelohim/v1:v1
The push refers to repository [docker.io/aelohim/v1]
An image does not exist locally with the tag: aelohim/v1
aelohim@aelohim-VirtualBox:~/TP_AySO$ docker image rm -f 433c8200c11d
Untagged: project:v1
Untagged: v1:latest
Untagged: v1:v1
Deleted: sha256:433c8200c11d8a9c2d74194cd405f20f643e65b555ff9d2bf782ebc94bec15c1
Deleted: sha256:df9eea862c5ad8194f1d8b778b9d2e26a3277296971a93a222c40f4aa8bc2ec0
aelohim@aelohim-VirtualBox:~/TP_AySO$ docker image ls
REPOSITORY                    TAG       IMAGE ID       CREATED        SIZE
alpine                        3.14      e04c818066af   8 weeks ago    5.59MB
gcr.io/k8s-minikube/kicbase   v0.0.30   1312ccd2422d   3 months ago   1.14GB
aelohim@aelohim-VirtualBox:~/TP_AySO$ docker build -t v1 .
Sending build context to Docker daemon  4.096kB
Step 1/2 : FROM alpine:3.14
 ---> e04c818066af
Step 2/2 : COPY index.html /usr/share/nginx/html
 ---> 6e5f30d34da8
Successfully built 6e5f30d34da8
Successfully tagged v1:latest
aelohim@aelohim-VirtualBox:~/TP_AySO$ docker image ls
REPOSITORY                    TAG       IMAGE ID       CREATED          SIZE
v1                            latest    6e5f30d34da8   56 seconds ago   5.59MB
alpine                        3.14      e04c818066af   8 weeks ago      5.59MB
gcr.io/k8s-minikube/kicbase   v0.0.30   1312ccd2422d   3 months ago     1.14GB
aelohim@aelohim-VirtualBox:~/TP_AySO$ docker tag v1:latest v1:v1
aelohim@aelohim-VirtualBox:~/TP_AySO$ docker push aelohim/v1:v1
The push refers to repository [docker.io/aelohim/v1]
An image does not exist locally with the tag: aelohim/v1
aelohim@aelohim-VirtualBox:~/TP_AySO$ docker images ls
REPOSITORY   TAG       IMAGE ID   CREATED   SIZE
aelohim@aelohim-VirtualBox:~/TP_AySO$ docker image ls
REPOSITORY                    TAG       IMAGE ID       CREATED              SIZE
v1                            latest    6e5f30d34da8   About a minute ago   5.59MB
v1                            v1        6e5f30d34da8   About a minute ago   5.59MB
alpine                        3.14      e04c818066af   8 weeks ago          5.59MB
gcr.io/k8s-minikube/kicbase   v0.0.30   1312ccd2422d   3 months ago         1.14GB
aelohim@aelohim-VirtualBox:~/TP_AySO$ docker tag v1:v1 v1:veuno
aelohim@aelohim-VirtualBox:~/TP_AySO$ docker image ls
REPOSITORY                    TAG       IMAGE ID       CREATED         SIZE
v1                            latest    6e5f30d34da8   2 minutes ago   5.59MB
v1                            v1        6e5f30d34da8   2 minutes ago   5.59MB
v1                            veuno     6e5f30d34da8   2 minutes ago   5.59MB
alpine                        3.14      e04c818066af   8 weeks ago     5.59MB
gcr.io/k8s-minikube/kicbase   v0.0.30   1312ccd2422d   3 months ago    1.14GB
aelohim@aelohim-VirtualBox:~/TP_AySO$ docker push aelohim/v1:veuno
The push refers to repository [docker.io/aelohim/v1]
An image does not exist locally with the tag: aelohim/v1
aelohim@aelohim-VirtualBox:~/TP_AySO$ docker push v1
Using default tag: latest
The push refers to repository [docker.io/library/v1]
313ea4d5e10c: Preparing 
b541d28bf3b4: Preparing 
denied: requested access to the resource is denied
aelohim@aelohim-VirtualBox:~/TP_AySO$ docker push aelohim/v1:v1
The push refers to repository [docker.io/aelohim/v1]
An image does not exist locally with the tag: aelohim/v1
aelohim@aelohim-VirtualBox:~/TP_AySO$ docker push aelohim/v1:latest
The push refers to repository [docker.io/aelohim/v1]
An image does not exist locally with the tag: aelohim/v1
aelohim@aelohim-VirtualBox:~/TP_AySO$ docker image ls
REPOSITORY                    TAG       IMAGE ID       CREATED         SIZE
v1                            latest    6e5f30d34da8   4 minutes ago   5.59MB
v1                            v1        6e5f30d34da8   4 minutes ago   5.59MB
v1                            veuno     6e5f30d34da8   4 minutes ago   5.59MB
alpine                        3.14      e04c818066af   8 weeks ago     5.59MB
gcr.io/k8s-minikube/kicbase   v0.0.30   1312ccd2422d   3 months ago    1.14GB
aelohim@aelohim-VirtualBox:~/TP_AySO$ ^C
aelohim@aelohim-VirtualBox:~/TP_AySO$ docker tag v1 aelohim/v1
aelohim@aelohim-VirtualBox:~/TP_AySO$ docker push aelohim/v1:v1
The push refers to repository [docker.io/aelohim/v1]
tag does not exist: aelohim/v1:v1
aelohim@aelohim-VirtualBox:~/TP_AySO$ docker image ls
REPOSITORY                    TAG       IMAGE ID       CREATED         SIZE
aelohim/v1                    latest    6e5f30d34da8   6 minutes ago   5.59MB
v1                            latest    6e5f30d34da8   6 minutes ago   5.59MB
v1                            v1        6e5f30d34da8   6 minutes ago   5.59MB
v1                            veuno     6e5f30d34da8   6 minutes ago   5.59MB
alpine                        3.14      e04c818066af   8 weeks ago     5.59MB
gcr.io/k8s-minikube/kicbase   v0.0.30   1312ccd2422d   3 months ago    1.14GB
aelohim@aelohim-VirtualBox:~/TP_AySO$ docker tag aelohim/v1:latest aelohim/v1:v1
aelohim@aelohim-VirtualBox:~/TP_AySO$ docker image ls
REPOSITORY                    TAG       IMAGE ID       CREATED         SIZE
aelohim/v1                    latest    6e5f30d34da8   7 minutes ago   5.59MB
aelohim/v1                    v1        6e5f30d34da8   7 minutes ago   5.59MB
v1                            latest    6e5f30d34da8   7 minutes ago   5.59MB
v1                            v1        6e5f30d34da8   7 minutes ago   5.59MB
v1                            veuno     6e5f30d34da8   7 minutes ago   5.59MB
alpine                        3.14      e04c818066af   8 weeks ago     5.59MB
gcr.io/k8s-minikube/kicbase   v0.0.30   1312ccd2422d   3 months ago    1.14GB
aelohim@aelohim-VirtualBox:~/TP_AySO$ docker push aelohim/v1:v1
The push refers to repository [docker.io/aelohim/v1]
313ea4d5e10c: Pushed 
b541d28bf3b4: Pushed 
v1: digest: sha256:8d2682e7f3d9f795ad2c88a4733bd1c11e0073d1af67fd35c1e921fd6e0ffb60 size: 735
aelohim@aelohim-VirtualBox:~/TP_AySO$ kubectl version
WARNING: This version information is deprecated and will be replaced with the output from kubectl version --short.  Use --output=yaml|json to get the full version.
Client Version: version.Info{Major:"1", Minor:"24", GitVersion:"v1.24.0", GitCommit:"4ce5a8954017644c5420bae81d72b09b735c21f0", GitTreeState:"clean", BuildDate:"2022-05-03T13:46:05Z", GoVersion:"go1.18.1", Compiler:"gc", Platform:"linux/amd64"}
Kustomize Version: v4.5.4
Server Version: version.Info{Major:"1", Minor:"23", GitVersion:"v1.23.3", GitCommit:"816c97ab8cff8a1c72eccca1026f7820e93e0d25", GitTreeState:"clean", BuildDate:"2022-01-25T21:19:12Z", GoVersion:"go1.17.6", Compiler:"gc", Platform:"linux/amd64"}
aelohim@aelohim-VirtualBox:~/TP_AySO$ minikube profile my-profile
❌  profile "my-profile" not found
💡  if you want to create a profile you can by this command: minikube start -p my-profile
aelohim@aelohim-VirtualBox:~/TP_AySO$ minikube profile ls
❌  profile "ls" not found
💡  if you want to create a profile you can by this command: minikube start -p ls
aelohim@aelohim-VirtualBox:~/TP_AySO$ minikube start -p aelohim
😄  [aelohim] minikube v1.25.2 en Ubuntu 20.04
✨  Using the docker driver based on user configuration
👍  Starting control plane node aelohim in cluster aelohim
🚜  Pulling base image ...
🔥  Creando docker container (CPUs=2, Memory=2200MB) ...
🐳  Preparando Kubernetes v1.23.3 en Docker 20.10.12...
    ▪ kubelet.housekeeping-interval=5m
    ▪ Generando certificados y llaves
    ▪ Iniciando plano de control
    ▪ Configurando reglas RBAC...
🔎  Verifying Kubernetes components...
    ▪ Using image gcr.io/k8s-minikube/storage-provisioner:v5
🌟  Complementos habilitados: default-storageclass, storage-provisioner
🏄  Done! kubectl is now configured to use "aelohim" cluster and "default" namespace by default
aelohim@aelohim-VirtualBox:~/TP_AySO$ kubectl config get-contexts
CURRENT   NAME       CLUSTER    AUTHINFO   NAMESPACE
*         aelohim    aelohim    aelohim    default
          minikube   minikube   minikube   default
aelohim@aelohim-VirtualBox:~/TP_AySO$ kubectl create namespace grupo1
namespace/grupo1 created
aelohim@aelohim-VirtualBox:~/TP_AySO$ kubectl get namespaces
NAME              STATUS   AGE
default           Active   4m49s
grupo1            Active   67s
kube-node-lease   Active   4m51s
kube-public       Active   4m51s
kube-system       Active   4m51s
aelohim@aelohim-VirtualBox:~/TP_AySO$ docker image ls
REPOSITORY                    TAG       IMAGE ID       CREATED          SIZE
aelohim/v1                    latest    6e5f30d34da8   26 minutes ago   5.59MB
aelohim/v1                    v1        6e5f30d34da8   26 minutes ago   5.59MB
v1                            latest    6e5f30d34da8   26 minutes ago   5.59MB
v1                            v1        6e5f30d34da8   26 minutes ago   5.59MB
v1                            veuno     6e5f30d34da8   26 minutes ago   5.59MB
alpine                        3.14      e04c818066af   8 weeks ago      5.59MB
gcr.io/k8s-minikube/kicbase   v0.0.30   1312ccd2422d   3 months ago     1.14GB
aelohim@aelohim-VirtualBox:~/TP_AySO$ docker container run -d -it --name grupo1container aelohim/v1:v1
8b77e0789a5f0502e9aa4bc386a202e4dde45f271f532d997000aedc93f295d2
aelohim@aelohim-VirtualBox:~/TP_AySO$ ls
build.sh  Dockerfile  index.html
aelohim@aelohim-VirtualBox:~/TP_AySO$ nano .dockerignore
aelohim@aelohim-VirtualBox:~/TP_AySO$ nano grupo1.yaml


Use «fg» para volver a nano.

[1]+  Detenido                nano grupo1.yaml
aelohim@aelohim-VirtualBox:~/TP_AySO$ nano grupo1.yaml
aelohim@aelohim-VirtualBox:~/TP_AySO$ ls
build.sh  Dockerfile  grupo1.yaml  index.html
aelohim@aelohim-VirtualBox:~/TP_AySO$ kubectl get namespaces
NAME              STATUS   AGE
default           Active   29m
grupo1            Active   25m
kube-node-lease   Active   29m
kube-public       Active   29m
kube-system       Active   29m
aelohim@aelohim-VirtualBox:~/TP_AySO$ mv grupo1.yaml grupo1.yml
aelohim@aelohim-VirtualBox:~/TP_AySO$ ls
build.sh  Dockerfile  grupo1.yml  index.html
aelohim@aelohim-VirtualBox:~/TP_AySO$ nano grupo1.yml
aelohim@aelohim-VirtualBox:~/TP_AySO$ kubectl create -f grupo1.yml
error: error validating "grupo1.yml": error validating data: ValidationError(Pod.spec): unknown field "replica" in io.k8s.api.core.v1.PodSpec; if you choose to ignore these errors, turn validation off with --validate=false
aelohim@aelohim-VirtualBox:~/TP_AySO$ nano grupo1.yml 
aelohim@aelohim-VirtualBox:~/TP_AySO$ kubectl create -f grupo1.yml
error: error parsing grupo1.yml: error converting YAML to JSON: yaml: line 7: mapping values are not allowed in this context
aelohim@aelohim-VirtualBox:~/TP_AySO$ nano grupo1.yml 
aelohim@aelohim-VirtualBox:~/TP_AySO$ kubectl create -f grupo1.yml
replicaset.apps/my-replicaset created
aelohim@aelohim-VirtualBox:~/TP_AySO$ kubectl get namespaces
NAME              STATUS   AGE
default           Active   34m
grupo1            Active   31m
kube-node-lease   Active   34m
kube-public       Active   34m
kube-system       Active   34m
aelohim@aelohim-VirtualBox:~/TP_AySO$ kubectl get replicaset my-replicaset
NAME            DESIRED   CURRENT   READY   AGE
my-replicaset   3         3         3       41s
aelohim@aelohim-VirtualBox:~/TP_AySO$ nano grupo1-pod.yml
aelohim@aelohim-VirtualBox:~/TP_AySO$ ls
build.sh  Dockerfile  grupo1-pod.yml  grupo1.yml  index.html
aelohim@aelohim-VirtualBox:~/TP_AySO$ kubectl create -f grupo1-pod.yml
pod/grupo1-pod created
aelohim@aelohim-VirtualBox:~/TP_AySO$ kubectl get pods
NAME                  READY   STATUS      RESTARTS   AGE
grupo1-pod            0/1     Completed   0          8s
my-replicaset-6bcx7   1/1     Running     0          6m36s
my-replicaset-dvj8r   1/1     Running     0          6m36s
my-replicaset-gwtzx   1/1     Running     0          6m36s
aelohim@aelohim-VirtualBox:~/TP_AySO$ nano grupo1.yml
aelohim@aelohim-VirtualBox:~/TP_AySO$ nano grupo1-pod.yml 
aelohim@aelohim-VirtualBox:~/TP_AySO$ nano grupo1.yml
aelohim@aelohim-VirtualBox:~/TP_AySO$ ls
build.sh  Dockerfile  grupo1-pod.yml  grupo1.yml  index.html
aelohim@aelohim-VirtualBox:~/TP_AySO$ less grupo1
grupo1: No existe el archivo o el directorio
aelohim@aelohim-VirtualBox:~/TP_AySO$ less grupo1.yml
aelohim@aelohim-VirtualBox:~/TP_AySO$ less Dockerfile 
aelohim@aelohim-VirtualBox:~/TP_AySO$ nano grupo1.yml
aelohim@aelohim-VirtualBox:~/TP_AySO$ kubectl create -f grupo1.yml
Error from server (AlreadyExists): error when creating "grupo1.yml": replicasets.apps "my-replicaset" already exists
aelohim@aelohim-VirtualBox:~/TP_AySO$ nano grupo1.yml 
aelohim@aelohim-VirtualBox:~/TP_AySO$ kubctl get replicas
kubctl: no se encontró la orden
aelohim@aelohim-VirtualBox:~/TP_AySO$ kubctl get replica
kubctl: no se encontró la orden
aelohim@aelohim-VirtualBox:~/TP_AySO$ kubectl get pods
NAME                  READY   STATUS             RESTARTS      AGE
grupo1-pod            0/1     CrashLoopBackOff   7 (34s ago)   11m
my-replicaset-6bcx7   1/1     Running            0             17m
my-replicaset-dvj8r   1/1     Running            0             17m
my-replicaset-gwtzx   1/1     Running            0             17m
aelohim@aelohim-VirtualBox:~/TP_AySO$ kubectl delete replicaset v1
Error from server (NotFound): replicasets.apps "v1" not found
aelohim@aelohim-VirtualBox:~/TP_AySO$ kubectl delete replicaset my-replicaset-6bcx7
Error from server (NotFound): replicasets.apps "my-replicaset-6bcx7" not found
aelohim@aelohim-VirtualBox:~/TP_AySO$ nano grupo1.yml 
aelohim@aelohim-VirtualBox:~/TP_AySO$ kubectl delete replicaset my-replicaset
replicaset.apps "my-replicaset" deleted
aelohim@aelohim-VirtualBox:~/TP_AySO$ kubectl get pods
NAME         READY   STATUS             RESTARTS      AGE
grupo1-pod   0/1     CrashLoopBackOff   7 (99s ago)   12m
aelohim@aelohim-VirtualBox:~/TP_AySO$ less grupo1-pod.yml 
aelohim@aelohim-VirtualBox:~/TP_AySO$ nano grupo1-pod.yml 
aelohim@aelohim-VirtualBox:~/TP_AySO$ nano grupo1.yml 
aelohim@aelohim-VirtualBox:~/TP_AySO$ kubectl get pods
NAME         READY   STATUS             RESTARTS        AGE
grupo1-pod   0/1     CrashLoopBackOff   7 (3m59s ago)   14m
aelohim@aelohim-VirtualBox:~/TP_AySO$ kubectl create -f grupo1.yml
replicaset.apps/grupo1-replicaset created
aelohim@aelohim-VirtualBox:~/TP_AySO$ kubectl get pods
NAME                      READY   STATUS              RESTARTS      AGE
grupo1-pod                0/1     CrashLoopBackOff    8 (74s ago)   17m
grupo1-replicaset-2h8pd   0/1     ContainerCreating   0             6s
grupo1-replicaset-ddjf2   0/1     ContainerCreating   0             6s
grupo1-replicaset-zrqkw   0/1     ContainerCreating   0             6s
aelohim@aelohim-VirtualBox:~/TP_AySO$ kubectl delete replicaset grupo1-pod
Error from server (NotFound): replicasets.apps "grupo1-pod" not found
aelohim@aelohim-VirtualBox:~/TP_AySO$ kubectl delete replicaset grupo1-replicaset
replicaset.apps "grupo1-replicaset" deleted
aelohim@aelohim-VirtualBox:~/TP_AySO$ kubectl get pods
NAME         READY   STATUS             RESTARTS        AGE
grupo1-pod   0/1     CrashLoopBackOff   8 (2m39s ago)   18m
aelohim@aelohim-VirtualBox:~/TP_AySO$ kubectl delete pod grupo1-pod
pod "grupo1-pod" deleted
aelohim@aelohim-VirtualBox:~/TP_AySO$ kubectl get namespaces
NAME              STATUS   AGE
default           Active   60m
grupo1            Active   57m
kube-node-lease   Active   60m
kube-public       Active   60m
kube-system       Active   60m
aelohim@aelohim-VirtualBox:~/TP_AySO$ kubectl apply -f grupo1.yml --namespace=grupo1
replicaset.apps/grupo1-replicaset created
aelohim@aelohim-VirtualBox:~/TP_AySO$ kubectl get pods
No resources found in default namespace.
aelohim@aelohim-VirtualBox:~/TP_AySO$ kubectl config set-context --current --namespace=grupo1
Context "aelohim" modified.
aelohim@aelohim-VirtualBox:~/TP_AySO$ kubectl get pods
NAME                      READY   STATUS             RESTARTS      AGE
grupo1-replicaset-59grk   0/1     Completed          5 (90s ago)   2m55s
grupo1-replicaset-jkbrc   0/1     Completed          5 (87s ago)   2m55s
grupo1-replicaset-m2b69   0/1     CrashLoopBackOff   4 (77s ago)   2m55s
aelohim@aelohim-VirtualBox:~/TP_AySO$ git -h
opción -h desconocida
usage: git [--version] [--help] [-C <path>] [-c <name>=<value>]
           [--exec-path[=<path>]] [--html-path] [--man-path] [--info-path]
           [-p | --paginate | -P | --no-pager] [--no-replace-objects] [--bare]
           [--git-dir=<path>] [--work-tree=<path>] [--namespace=<name>]
           <command> [<args>]
aelohim@aelohim-VirtualBox:~/TP_AySO$ ls
build.sh  Dockerfile  grupo1-pod.yml  grupo1.yml  index.html
aelohim@aelohim-VirtualBox:~/TP_AySO$ less grupo1-pod.yml 
aelohim@aelohim-VirtualBox:~/TP_AySO$ 
